2026-04-30 10:47:20,861 - INFO - vaderSentiment not installed ΓÇö using TextBlob only
2026-04-30 10:47:21,392 - INFO - NSE Data Pipeline initialized
2026-04-30 10:47:21,400 - WARNING - APScheduler not found. Using simple threading scheduler.
2026-04-30 10:47:21,431 - WARNING - Using default JWT secret. Set JWT_SECRET_KEY for production-grade security.
2026-04-30 10:47:21,490 - INFO - NSE Data Pipeline initialized
2026-04-30 10:47:21,549 - INFO - WinRateTracker: prediction_outcomes table ready
2026-04-30 10:47:21,550 - INFO - Initialized UnifiedStockPredictor on device: cpu (preference: auto)
2026-04-30 10:47:21,552 - INFO -    Loaded training feature medians (148 features)
2026-04-30 10:47:21,552 - INFO -    Loaded training quantile bins for drift detection
2026-04-30 10:47:21,570 - INFO -    v51: Using ALiBi positional bias (recency-aware attention)
2026-04-30 10:47:21,579 - INFO -    Applied EMA weights for inference
2026-04-30 10:47:21,580 - INFO -    Direction decision threshold: 0.46
2026-04-30 10:47:21,580 - INFO -    Dynamic BUY threshold: P > 0.60
2026-04-30 10:47:21,580 - INFO -    Dynamic SELL threshold: P < 0.42
2026-04-30 10:47:21,580 - INFO -    Dynamic STRONG BUY threshold: P > 0.70
2026-04-30 10:47:21,580 - INFO -    Loaded holdout signal reliability profile
2026-04-30 10:47:21,580 - INFO - Loaded model from C:\Users\Lenovo\Documents\VS CODE codes(files)\helloworld\unified_models\unified_model.pth
2026-04-30 10:47:21,580 - INFO -    Model version tag: 34.0.0
2026-04-30 10:47:21,580 - INFO -    Platt calibration: a=1.6691, b=-0.1548
2026-04-30 10:47:21,581 - INFO - Γ£à Loaded existing trained model artifacts
2026-04-30 10:47:21,581 - INFO - Using simple interval scheduler (fallback)
2026-04-30 10:47:21,582 - INFO - 
ΓÜá∩╕Å  APScheduler not available. Using simple threading scheduler.
2026-04-30 10:47:21,582 - INFO - Γ£à Simple scheduler thread started (holiday-aware)
2026-04-30 10:47:21,582 - INFO -    Scheduled to run: Market days at 16:00 IST
2026-04-30 10:47:21,582 - INFO -    Holiday-aware: Skips NSE holidays automatically

2026-04-30 10:47:21,667 - WARNING - ≡ƒöä STARTUP CATCH-UP: Database is stale!
2026-04-30 10:47:21,667 - WARNING -    Latest DB date: Friday, 24 April 2026
2026-04-30 10:47:21,667 - WARNING -    Missing market days: 3 (2026-04-27 ΓåÆ 2026-04-29)
2026-04-30 10:47:21,667 - INFO -    Γä╣∩╕Å  Use POST /api/scheduler/trigger or wait for 4 PM IST auto-run
2026-04-30 10:47:21,667 - INFO -    Γä╣∩╕Å  Auto catch-up disabled (SCHEDULER_AUTO_CATCHUP=false)
2026-04-30 10:47:21,667 - INFO -    Γä╣∩╕Å  Use POST /api/scheduler/trigger or wait for 16:00 IST auto-run
2026-04-30 10:47:21,668 - INFO - Γ£à All components initialized successfully
2026-04-30 10:47:21,668 - INFO - ΓÅ░ Scheduler Status:
2026-04-30 10:47:21,668 - INFO -    - Enabled: True
2026-04-30 10:47:21,668 - INFO -    - Running: True
2026-04-30 10:47:21,668 - INFO -    - Schedule: Every weekday at 16:00 IST (market days only)
2026-04-30 10:47:21,694 - INFO - SentimentEngine: yfinance fallback prepared (activates if Finnhub unavailable)
2026-04-30 10:47:23,681 - INFO - SentimentEngine: yfinance fallback prepared (activates if Finnhub unavailable)
2026-04-30 10:47:24,431 - WARNING - Finnhub API key rejected (403 Forbidden). Auto-disabling Finnhub provider ΓÇö falling back to yfinance for news.
2026-04-30 10:47:24,950 - WARNING -    v20: Imputed 34/148 missing features with training medians
2026-04-30 10:47:24,960 - WARNING -    v20 DRIFT: Significant concept drift detected (mean PSI=7.475 > 0.25). Top drifted features: ['at_52w_high', 'at_52w_low', 'vol_compression', 'is_month_end', 'is_month_start']. Prediction reliability may be degraded.
2026-04-30 10:47:25,201 - INFO -    v33 Ensemble: 3 models, agreement=HIGH, prob=0.3397
2026-04-30 10:47:25,327 - WARNING -    Drift guard triggered for RELIANCE: PSI=7.475 (threshold=0.25). Signal downgraded to HOLD.
2026-04-30 10:47:25,333 - INFO - WinRateTracker: Recorded prediction #26 for RELIANCE (signal=HOLD, dir_prob=34.0%)
{"ticker": "RELIANCE", "timestamp": "2026-04-30T10:47:25.327541", "model_version": "34.0.0", "price_analysis": {"current_price": 1327.8, "predicted_price_5d": 1301.0, "expected_change": -26.8, "expected_change_pct": -2.02, "prediction_uncertainty": 0.134, "predicted_volatility": 1.9344, "historical_volatility_annual": 30.71, "atr_20": 31.02, "confidence_interval": {"lower": 1265.77, "upper": 1420.85}, "conformal_interval": null, "price_prediction_note": "ML regression R\u00b2 < 0 on test set; price prediction is informational only. Direction probability is the reliable signal."}, "conformal_prediction": {"enabled": false, "alpha": null, "direction_probability_interval": null, "price_interval": null}, "trade_setup": {"buy_price": 1330.38, "target_price": 1252.58, "stop_loss": 1387.97, "risk_reward_ratio": 1.35, "atr_based": true, "atr_sl_distance": 62.03, "atr_tp_distance": 93.05, "method": "ATR-rule-based (v22)"}, "confidence_index": {"score": 54.9, "tier": "MODERATE", "sizing_guidance": "Half position recommended", "dimensions": {"ml_signal_strength": 12.8, "prediction_certainty": 17.1, "technical_confluence": 20.0, "risk_reward_quality": 3.5, "sentiment_alignment": 1.4}, "interpretation": "ADCI 54.9/100 (MODERATE): ML=13/20, Certainty=17/20, Patterns=20/20, R:R=4/20, Sentiment=1/20"}, "signal_lifecycle": {"generated_at": "2026-04-30 10:47:25 IST", "expires_at": "2026-05-07 10:47:25 IST", "validity_days": 5, "status": "ACTIVE", "market_status": true, "market_note": "Market is OPEN \u2014 limit orders can execute immediately", "instruction": "This signal is valid until 07 May 2026. After expiry, re-run prediction for updated analysis. Do NOT act on expired signals \u2014 market conditions change."}, "execution_plan": {"order_type": "N/A", "limit_price": 1327.8, "limit_buffer_pct": 0.2, "scale_in": false, "scale_in_plan": null, "entry_strategy": "No action required \u2014 wait for clearer signal.", "exit_triggers": ["No position \u2014 no exit triggers"], "monitoring_checklist": ["Re-run prediction next trading session"], "liquidity_status": "Sufficient liquidity \u2014 market or limit orders acceptable"}, "recommendation": {"signal": "HOLD", "signal_strength": "LOW", "direction_probability": 34.0, "confidence_score": 26.2, "direction_decision_threshold": 46.0, "buy_threshold": 60.0, "buy_threshold_base": 60.0, "strong_buy_threshold": 70.0, "sell_threshold": 42.0, "sell_threshold_base": 42.0, "mc_uncertainty": 2.15, "threshold_buffer_applied": 0.0, "buy_signals_disabled": false, "threshold_type": "asymmetric + uncertainty-adjusted (v36: SELL primary + graduated BUY + reliability guard)", "decision_reason": "severe_feature_drift_guard", "uncertainty_guard_triggered": false, "reliability_guard_triggered": false, "drift_guard_triggered": true, "expected_precision_holdout": 74.9, "expected_signal_count_holdout": 845, "signal_quality": "NEUTRAL", "signal_warning": "HOLD \u2014 Severe feature drift detected (PSI=7.475). Signal blocked by live safety policy until data distribution stabilizes or the model is retrained on fresher data.", "sentiment_adjusted": false}, "signal_policy": {"decision_reason": "severe_feature_drift_guard", "adjusted_thresholds": {"buy": 0.6, "strong_buy": 0.7, "sell": 0.42, "base_buy": 0.6, "base_sell": 0.42, "uncertainty_buffer": 0.0}, "guards": {"uncertainty_guard_triggered": false, "reliability_guard_triggered": false, "drift_guard_triggered": true}, "buy_gates": {}, "holdout_reliability": {"side": "sell", "confidence_proxy": 0.6603, "threshold": 0.65, "precision_pct": 74.91124260355029, "precision_wilson_lb_pct": 71.8798649545114, "avg_return_pct": 2.9269178671476674, "signals": 845, "source": "calibration_holdout"}}, "risk_management": {"suggested_quantity": 0, "position_size": 0.0, "position_pct_of_capital": 0.0, "kelly_fraction_full": 40.88, "kelly_fraction_used": 0.0, "max_loss_amount": 0.0, "risk_per_share": 57.59, "reward_per_share": 77.8, "conformal_size_adjustment": null, "sizing_method": "v31 ADCI-Graduated Kelly: BUY scaled by ADCI (5%/2.5%/1.25%) / SELL 20% Kelly + real-time liquidity adjustment"}, "pattern_analysis": {"patterns_detected": [{"pattern_type": "channel_down", "signal": "BEARISH", "confidence": 65, "reliability": 0.65, "description": "Descending Channel - bearish trend", "price_at_detection": 1327.800048828125, "timeframe": "medium", "target_move_pct": -3.0}], "pattern_count": 1, "confluence_score": -100.0, "pattern_agreement": 100.0, "dominant_pattern_signal": "BEARISH", "support_levels": [], "resistance_levels": [{"level": 1381.81, "strength": 27, "level_type": "resistance", "distance_pct": 4.07}, {"level": 1418.74, "strength": 26, "level_type": "resistance", "distance_pct": 6.85}, {"level": 1465.75, "strength": 24, "level_type": "resistance", "distance_pct": 10.39}], "trend_strength": 48.58, "pattern_summary": "Detected 1 patterns (0 bullish, 1 bearish, 0 neutral). Confluence Score: -100.0/100 (BEARISH). Trend Strength: 49/100. Key Patterns: Channel Down. Strong bearish consensus across multiple pattern types."}, "technical_indicators": {"rsi_14": 45.7728, "rsi_9": 42.0792, "macd_12_26": -12.0755, "macd_hist_12_26": 2.1236, "adx": 22.1694, "atr_20": 31.015, "natr_20": 2.3358, "bb_position_20": 0.3071, "bb_width_20": 0.0836, "stoch_k_14": 45.5422, "stoch_d_14": 62.0856, "cci_20": -61.2817, "mfi": 43.5814, "williams_r": -54.4578, "obv_trend": -83516358.8, "vol_ratio_5_20": 0.4279, "vol_regime": 0.9422, "hurst_proxy": 0.4618, "trend_consistency_20": 0.25, "zscore_20": -0.7716}, "model_artifact": {"checkpoint_path": "C:\\Users\\Lenovo\\Documents\\VS CODE codes(files)\\helloworld\\unified_models\\unified_model.pth", "checkpoint_mtime": 1777455106.107531, "checkpoint_timestamp": "2026-04-29T15:01:46.107531"}, "data_drift": {"psi": 7.4751, "warning": "Significant concept drift detected (mean PSI=7.475 > 0.25). Top drifted features: ['at_52w_high', 'at_52w_low', 'vol_compression', 'is_month_end', 'is_month_start']. Prediction reliability may be degraded.", "guard_triggered": true, "guard_threshold": 0.25}, "performance_metrics": {"price_rmse": 0.0505, "price_r2": 0.0245, "price_mape": 96.84, "direction_accuracy": 58.66, "direction_f1": 64.81, "direction_precision": 56.0, "direction_recall": 76.9, "target_r2": -0.009, "stoploss_r2": 0.0167}, "detailed_analysis": "=== RELIANCE ANALYSIS ===\n\nSIGNAL: HOLD (LOW confidence)\n\nPRICE ANALYSIS:\n  Current: Rs.1327.80\n  Predicted (5d): Rs.1301.00 (-2.02%)\n  Direction Probability: 34.0%\n  Model Confidence: 26.2%\n\nTRADE SETUP:\n  Buy Price: Rs.1330.38\n  Target: Rs.1252.58\n  Stop Loss: Rs.1387.97\n  Risk/Reward: 1:1.4\n\nPATTERNS DETECTED (1):\n  - Channel Down: BEARISH (65% confidence)\n  Confluence Score: -100.0/100\n  Pattern Agreement: 100%\n\nRESISTANCE LEVELS:\n  Rs.1381.81 (strength: 27, +4.1%)\n  Rs.1418.74 (strength: 26, +6.8%)\n  Rs.1465.75 (strength: 24, +10.4%)\n\nMODEL INFO (Current Artifact):\n  Direction Accuracy (holdout test): 53.5%\n  SELL Precision (nearest holdout tier): 58.4% around P<0.42\n  BUY Precision (nearest holdout tier): 58.1% around P>0.60\n  Backtest: Sharpe 1.85, +118.44% return, 1.22% max drawdown\n  Direction Decision Threshold: P > 0.46 (calibration-holdout tuned)\n  Regularization: R-Drop (alpha=1.50) + Dropout 0.45 + Mixup 0.30\n  Calibration: Platt scaling\n  Stop-Loss Method: ATR-based (rule)\n  Target Method: ATR-based (rule)\n  Position Sizing: 5% Kelly (BUY, pattern+sentiment confirmed) / 20% Kelly (SELL, primary)\n  Safety: 6-gate BUY filter (ML>60% + patterns>10 + R:R\u22652.0 + MC<8% + return>1% + news\u2265neutral)\n  Sentiment: News sentiment directly influences signals (BUY gate 6 + SELL veto/boost)\n  Calibration Error (ECE): 5.84%\n\nCONFIDENCE GUIDE:\n  SELL (P < 0.42): PRIMARY EDGE \u2014 58.4% precision. Full 20% Kelly sizing.\n  BUY  (P > 0.60 + 6-gate filter): Pattern+sentiment confirmed \u2014 58.1% precision. Quarter-Kelly (5%).\n  STRONG BUY (P > 0.70): Highest-conviction BUY tier with scale-in execution.\n  HOLD (between thresholds or BUY gates failed): No edge.\n\nBUY STRATEGY (v29):\n  BUY ML precision is lower than SELL (~42% vs ~65%), but the 6-gate filter\n  adds pattern, risk-reward, and sentiment confirmation for long-term investors.\n  BUY signals fire ONLY when 6 independent factors align:\n    1. ML > 60%  2. Strong bullish patterns  3. R:R >= 2.0\n    4. Low uncertainty  5. Predicted return > 1%  6. News sentiment not bearish\n  Bearish news BLOCKS BUY even if all other gates pass.\n  Strongly bullish news VETOES borderline SELL (protects against false exits).\n  With R:R >= 2.0 at win rate p, EV formula is: p*2.0 - (1-p)*1.0\n\nDISCLAIMER: This is AI-generated analysis, NOT financial advice.\n  Use strict risk limits, position sizing, and independent due diligence.\n  Always consult a SEBI-registered advisor before live deployment.", "disclaimer": {"text": "This prediction is generated by Artha Drishti v31 AI model. Calibrated direction accuracy: ~58.8% on held-out test data (walk-forward stable: 58.5%-59.2% across 4 temporal chunks, std=0.3%). SELL signals are the model's PRIMARY edge (precision ~66% near P<0.42). BUY signals use a 6-gate filter with GRADUATED TIERS: STRONG BUY (P > 0.70) and BUY (P > 0.60). v31 adds: real-time market hours validation, liquidity filter, signal lifecycle with expiry, limit-order execution guidance, scale-in for STRONG BUY, portfolio concentration tracking, and ADCI-powered position sizing (0-100 composite quality score). This is NOT financial advice. Past performance does not guarantee future results. Always consult a SEBI-registered financial advisor. Use stop-losses and never risk more than 3% of capital per trade.", "model_version": "34.0.0", "architecture": "BiLSTM + MultiHead Attention + R-Drop + Platt + ADCI + Graduated BUY Tiers + Real-Time Safety + 5-Pillar Quant Finance (v34)", "verified_test_accuracy": "58.8% (Platt-calibrated)", "walk_forward_stability": "58.5%-59.2% (std=0.3%)", "generalization_gap": "6.1% calibrated (val 64.9% \u2192 cal_test 58.8%)", "backtest_sharpe": "1.20", "backtest_return": "+118.49%", "dynamic_buy_threshold": 0.6, "dynamic_sell_threshold": 0.41999999999999993, "dynamic_strong_buy_threshold": 0.7000000000000001, "buy_signals_disabled": false, "risk_level": "HIGH"}, "safety_report": {"overall_severity": "WARNING", "recommended_action": "PROCEED_WITH_CAUTION", "data_freshness": {"fresh": false, "last_data_date": "2026-04-24", "days_stale": 5, "calendar_days_stale": 6, "severity": "WARNING", "reason": "Data is 5 trading days old (max: 3)"}, "market_regime": {"anomaly": false, "warnings": [], "severity": "OK", "regime": "NORMAL"}, "corporate_action": {"detected": false, "has_probable_split": false, "gaps": [], "severity": "OK", "action": "PROCEED", "reason": null, "adj_close_warning": null}, "model_health": {"healthy": true, "reason": "Insufficient data for health check", "signal_distribution": {}, "severity": "OK"}, "market_hours": {"market_open": true, "current_time_ist": "2026-04-30 10:47:21 IST", "nse_hours": "09:15\u201315:30 IST", "severity": "OK", "reason": null, "order_guidance": "Market is OPEN \u2014 limit orders can execute immediately"}, "liquidity": {"liquid": true, "avg_volume_20d": 20364491, "avg_traded_value_20d": 27407171146.0, "min_volume_required": 50000, "min_value_required": 500000, "severity": "OK", "reason": null, "execution_guidance": "Sufficient liquidity \u2014 market or limit orders acceptable"}, "portfolio_exposure": {"can_trade": true, "open_positions": 0, "max_positions": 10, "already_has_position": false, "severity": "OK", "warnings": []}, "checked_at": "2026-04-30T10:47:21.849563"}, "model_performance_badge": {"direction_accuracy": "58.8% (calibrated, held-out test)", "sell_signal_precision": "67-70% around P<0.42", "buy_signal_precision": "48-51% (multi-gate filter compensates)", "backtest_sharpe": 1.21, "backtest_return_pct": 111.94, "max_drawdown_pct": 1.51, "walk_forward_stability": "58.1-59.4% (std 0.4%)", "calibration_method": "platt", "model_primary_edge": "SELL signals (bearish identification)", "model_weakness": "BUY signals are weaker \u2014 relies on multi-gate filter for safety", "best_use_case": "Identifying overvalued stocks (SELL signals) rather than entry points (BUY signals)", "disclaimer": "Past model accuracy does not guarantee future results. BUY signals are less reliable than SELL signals. Always use stop-losses and consult a SEBI-registered advisor.", "transparency_note": "This badge is included in every prediction for investor transparency. The model is honest about its limitations: SELL is the primary edge."}, "drift_analysis": {"mean_psi": 7.4751, "drift_level": "SIGNIFICANT", "warning": "Significant concept drift detected (mean PSI=7.475 > 0.25). Top drifted features: ['at_52w_high', 'at_52w_low', 'vol_compression', 'is_month_end', 'is_month_start']. Prediction reliability may be degraded.", "psi_threshold_moderate": 0.1, "psi_threshold_significant": 0.25}, "market_regime": {"regime": "SIDEWAYS", "confidence": 0.673, "regimes_available": true, "recent_mean_return": -0.2925, "recent_volatility": 1.8854, "volatility_ratio": 1.389, "mean_zscore": -0.653, "trend_acceleration": -0.2515, "window_days": 20, "lookback_days": 120, "regime_impact": "Neither direction has regime tailwind \u2014 rely on ML + patterns"}, "momentum_factor": {"score": -42.7, "regime": "STRONG_DOWN", "active": true, "short_term_return_pct": -5.95, "medium_term_return_pct": -4.21, "positive_day_pct": 36.8, "drawdown_from_peak_pct": -6.04, "signal_impact": "Momentum CONFIRMS bearish ML signal"}, "ensemble_prediction": {"ensemble_prob": 0.3397, "individual_probs": {"EMA": 0.3353, "SWA": 0.347, "RAW_BEST": 0.3397}, "ensemble_std": 0.0048, "agreement": "HIGH", "n_models": 3, "weights_used": {"EMA": 0.5, "SWA": 0.3, "RAW_BEST": 0.2}}, "mvo_sizing": {"active": true, "mvo_fraction_pct": 0, "mvo_position_size": 0.0, "risk_aversion": 2.0, "regime_adjustment": "SIDEWAYS", "annualized_expected_return": -101.71, "annualized_volatility": 13.73, "implied_sharpe": -7.406}, "v34_quant_intelligence": {"stop_calibration": {"atr_multiplier": 2.0, "stop_distance_pct": 4.67163841005952, "calibrated": false, "source": "default", "sample_size": 0}, "correlation_adjusted_kelly": {"adjusted_kelly": 0.03, "adjustment_factor": 1.0, "avg_correlation": 0.0, "n_open_positions": 0, "method": "error: (psycopg2.errors.InvalidColumnReference) for SELEC"}, "tail_dependence": {"tail_risk_elevated": false, "avg_tail_dependence": 0.0, "n_pairs": 0, "status": "error: (psycopg2.errors.InvalidColumnReference) for SELEC"}, "pillar_status": {"factor_model_alpha": "ACTIVE (OFI, 52w proximity, IVOL in features)", "volatility_intelligence": "ACTIVE (VRP, OU-\u03b8, vol term structure, MAE/MFE stops)", "cross_asset_context": "ACTIVE (USD/INR, crude oil, VIX term, breadth)", "live_edge_monitoring": "AVAILABLE (call IC/ICIR and SPRT separately)", "portfolio_risk_tail": "NORMAL (\u03bb_L=0.00)"}}, "safety_guardrails": {"confidence_tier": "GOOD", "confidence_guide": {"strong_sell": {"threshold": "P < 0.25", "precision": "~70%", "description": "Highest SELL precision, fewest signals"}, "default_sell": {"threshold": "P < 0.42", "precision": "65.8%", "description": "SELL \u2014 model's primary statistical edge"}, "high_sell": {"threshold": "P < 0.30 (SELL at 0.70)", "precision": "70.2%", "description": "SELL with high threshold \u2014 fewer signals, higher precision"}, "default_buy": {"threshold": "P > 0.60 + 6-gate filter", "precision": "Holdout-tier based (STRONG BUY at P>0.70)", "description": "BUY \u2014 v31 graduated tiers + ADCI sizing + limit-order execution"}, "note": "SELL is the primary edge. BUY requires 6 gates: ML>0.60  + patterns>10 + R:R>=2.0 + MC<8% + return>1% + news not bearish. STRONG BUY uses dynamic threshold P>0.70. Position sizing scaled by ADCI score (0-100)."}, "asymmetric_thresholds": {"explanation": "SELL has ~66% precision near P<0.42 (primary edge). BUY uses v31 graduated tiers: STRONG BUY (P > 0.70) and BUY (P > 0.60). Position sizing scaled by ADCI score (0-100): ADCI >= 60 \u2192 full Kelly (5%), ADCI 40-59 \u2192 half Kelly (2.5%), ADCI < 40 \u2192 quarter Kelly (1.25%). v31 adds: limit-order execution, signal expiry, liquidity filter, portfolio tracking. BUY signals always remain active \u2014 protected by 6-gate filter + ADCI-graduated sizing.", "buy_threshold": 0.6, "buy_threshold_source": "dynamic (v31 data-driven)", "buy_signals_active": true, "buy_gates": "confluence > 10 AND R:R >= 2.0 AND mc_std < 0.08 AND expected_return > 1.0% AND sentiment >= 0.0", "sell_threshold": 0.41999999999999993, "uncertainty_adjusted": true, "decision_reason": "severe_feature_drift_guard"}, "max_portfolio_exposure": "3.0% per trade", "recommended_holding_period": "5 trading days", "stop_loss_method": "ATR-based (auto-adjusts to volatility)", "data_freshness": "WARNING", "market_regime": "NORMAL", "model_limitations": ["Cannot predict black swan events, policy changes, or earnings surprises", "Accuracy drops during extreme volatility regimes (VIX > 30)", "SELL precision (~66%) is higher than BUY ML precision in strong tiers (dynamic STRONG BUY at P>0.70)", "BUY signals protected by 6-gate filter + ADCI-graduated position sizing", "v31 Graduated BUY tiers: STRONG BUY (P > 0.70) with scale-in execution", "ADCI score (0-100) provides investor-readable composite signal quality metric", "v31: Signals expire after 5 trading days \u2014 do NOT act on expired signals", "v31: Market hours check warns but does not block \u2014 queue limit orders outside hours", "v31: Liquidity filter warns on low-volume stocks \u2014 reduce position size", "Sentiment data quality depends on news availability \u2014 low coverage stocks get neutral default", "Bearish news blocks BUY even if all other gates pass; bullish news vetoes borderline SELL", "Do not use as sole basis for investment decisions", "Corporate actions (splits/bonuses/mergers) invalidate signals", "Model has 6.1% calibrated generalization gap (val 64.9% \u2192 test 58.8%)", "Raw generalization gap is 11.2% \u2014 calibration recovers 5.1pp", "Backtest: +118.5%, Sharpe 1.20, 2.39% max drawdown (20 bps cost assumed)", "BUY signals are rare (high-conviction only) \u2014 most stocks will show HOLD or SELL"]}, "prediction_accuracy": {"historical_accuracy": null, "prediction_count": 5}, "prediction_recorder": {"samples": 0, "total_recorded": 0, "direction_accuracy": 0, "avg_reward": 0, "pending_predictions": 0, "note": "Learning via periodic retraining (not online RL)"}, "sentiment": {"sentiment_score": -0.0215, "sentiment_magnitude": 0.4419, "sentiment_volume": 2.3979, "sentiment_trend": 0.0, "sentiment_dispersion": 0.4339, "bullish_ratio": 0.5, "bearish_ratio": 0.3, "event_earnings": 1.0, "event_regulatory": 1.0, "event_ma": 1.0, "event_management": 0.0, "overall": "NEUTRAL", "agreement_with_ml": "NEUTRAL", "confidence_adjustment_pct": 0.0, "data_source": "finnhub", "signal_impact": "BUY gate 6: news sentiment >= 0 required (bearish news blocks BUY). SELL veto: strongly bullish news (>0.20) vetoes borderline SELL to HOLD.", "note": "v27: Sentiment DIRECTLY influences signals. BUY requires non-bearish news (gate 6). Borderline SELL is vetoed by strongly bullish news. Sentiment also adjusts displayed confidence (\u00b12-5%)."}, "investor_action": {"summary": "NO ACTION: RELIANCE is in the neutral zone or failed a BUY gate. No statistical edge. Wait for a clearer signal. Policy: severe_feature_drift_guard. (ML leans bearish at 34% but below SELL threshold \u2014 not actionable.)", "signal": "HOLD", "strength": "LOW", "limit_order_price": 1327.8, "entry_price": 1330.38, "target_price": 1252.58, "stop_loss": 1387.97, "risk_reward": "1:1.4", "holding_period_days": 5, "signal_expires": "2026-05-07", "position_sizing": "N/A", "max_capital_pct": "3.0%", "scale_in": false, "market_open": true, "liquidity_ok": true, "news_sentiment": "NEUTRAL", "decision_reason": "severe_feature_drift_guard", "holdout_expected_precision_pct": 74.9, "holdout_expected_signal_count": 845, "sentiment_impact_on_signal": "N/A \u2014 HOLD signal", "model_edge_note": "SELL is the model's PRIMARY edge (~66% precision, Sharpe 1.20). BUY signals use GRADUATED TIERS: STRONG BUY (P > 0.70) and BUY (P > dynamic threshold). Position sizing by ADCI score (0-100). Dynamic SELL threshold: P < 42%. Dynamic BUY threshold: P > 60%. Dynamic STRONG BUY threshold: P > 70%. ADCI: 54.9/100 (MODERATE) \u2014 Half position recommended. Always use stop-losses. Max 3% of capital per trade."}, "win_rate": {"ticker_stats": {"ticker": "RELIANCE", "total_predictions": 4, "verified": 0, "pending": 4, "wins": 0, "losses": 0, "win_rate_pct": null, "target_hit_rate_pct": null, "stoploss_hit_rate_pct": null, "avg_return_pct": null, "avg_win_return_pct": null, "avg_loss_return_pct": null, "first_prediction": "2026-04-30 10:45:23.171864", "last_prediction": "2026-04-30 10:47:25.330749", "profit_factor": null}, "last_verification": {"verified_count": 0, "wins": 0, "losses": 0, "batch_win_rate": null}, "overall": {"win_rate_pct": 83.3, "total_predictions": 26, "verified": 12, "pending": 14, "profit_factor": 19.18}}, "retrain_status": {"ready": false, "new_verified": 12, "min_required": 50, "recommendation": "12/50 verified predictions since last retrain. Need 38 more before retraining is productive."}}
